// Jest Snapshot v1, https://goo.gl/fbAQLP

exports[`DisplayData container test onMount, fetch initial city list 1`] = `Array []`;
